// Jest Snapshot v1, https://goo.gl/fbAQLP

exports[`Entity class -> testType<Book>() (type) should match snapshot 1`] = `"Book"`;

exports[`Entity class -> testType<Book['authors']>() (type) should match snapshot 1`] = `"ManyToManyField<Book, import(\\"src/spec/schema.fixture\\").Person, import(\\"src/spec/schema.fixture\\").Authorship, any, any>"`;

exports[`Entity class -> testType<Book['genre']>() (type) should match snapshot 1`] = `"RelationField<\\"ManyToOne\\", Book, import(\\"src/spec/schema.fixture\\").Genre, any>"`;

exports[`Entity class -> testType<Book['id']>() (type) should match snapshot 1`] = `"AttributeField<Book, string>"`;

exports[`Entity class -> testType<Book['links']>() (type) should match snapshot 1`] = `"AttributeField<Book, { description?: string | undefined; cover?: string | undefined; }>"`;

exports[`Entity class -> testType<Book['title']>() (type) should match snapshot 1`] = `"AttributeField<Book, string>"`;

exports[`Entity class -> testType<ReturnType<Book['entityClass']>>() (type) should match snapshot 1`] = `"Class<Book>"`;
