// Jest Snapshot v1, https://goo.gl/fbAQLP

exports[`EntityKeys -> Attribute<Book> (type) should match snapshot 1`] = `"\\"id\\" | \\"title\\" | \\"year\\" | \\"links\\""`;

exports[`EntityKeys -> ManyToOne<Person, Book> (type) should match snapshot 1`] = `"never"`;

exports[`EntityKeys -> OneToMany<Book, Person> (type) should match snapshot 1`] = `"never"`;

exports[`EntityKeys -> OneToOne<Book, Genre> (type) should match snapshot 1`] = `"never"`;

exports[`EntityKeys -> Relation<Book, *> (type) should match snapshot 1`] = `"\\"isbn\\" | \\"genre\\" | \\"authors\\""`;

exports[`EntityKeys -> Relation<Book, ManyToMany> (type) should match snapshot 1`] = `"\\"authors\\""`;

exports[`EntityKeys -> Relation<Book, ManyToOne> (type) should match snapshot 1`] = `"\\"genre\\""`;

exports[`EntityKeys -> Relation<Book, OneToMany> (type) should match snapshot 1`] = `"never"`;

exports[`EntityKeys -> Relation<Book, OneToOne> (type) should match snapshot 1`] = `"\\"isbn\\""`;
