// Jest Snapshot v1, https://goo.gl/fbAQLP

exports[`ModelRelationField testType<ModelRelationField<Source, 'vod'>>() (type) should match snapshot 1`] = `"Model<Vod>"`;

exports[`ModelRelationField testType<ModelRelationField<Vod, 'contents'>>() (type) should match snapshot 1`] = `"MutableQuerySet<import(\\"src/spec/schema.fixture\\").Content>"`;

exports[`ModelRelationField testType<ModelRelationField<Vod, 'sources'>>() (type) should match snapshot 1`] = `"QuerySet<Source>"`;

exports[`ModelRelationField testType<ModelRelationField<Vod, 'vodId'>>() (type) should match snapshot 1`] = `"Model<import(\\"src/spec/schema.fixture\\").VodId>"`;

exports[`Ref Ref<Vod> (type) should match snapshot 1`] = `"{ id: string; } | { links: { self: string; }; } | { title?: string | undefined; } | { vodId?: string | undefined; } | undefined"`;
