// Jest Snapshot v1, https://goo.gl/fbAQLP

exports[`ModelRelationField testType<ModelRelationField<Authorship, 'author'>>() (type) should match snapshot 1`] = `"Model<import(\\"src/spec/schema.fixture\\").Person>"`;

exports[`ModelRelationField testType<ModelRelationField<Book, 'authors'>>() (type) should match snapshot 1`] = `"MutableQuerySet<import(\\"src/spec/schema.fixture\\").Person>"`;

exports[`ModelRelationField testType<ModelRelationField<Book, 'genre'>>() (type) should match snapshot 1`] = `"Model<Genre>"`;

exports[`ModelRelationField testType<ModelRelationField<Genre, 'books'>>() (type) should match snapshot 1`] = `"QuerySet<Book>"`;

exports[`Ref Ref<Book> (type) should match snapshot 1`] = `"{ id: string; } | { title: string; } | { links: { description?: string | undefined; cover?: string | undefined; }; } | { genre: string | TypedModel<any>; } | { year?: number | undefined; } | { isbn?: string | undefined; } | undefined"`;
